  tools.cpp
D:\Desktop\RLproject\tools.cpp(17,17): warning C4244: “初始化”: 从“unsigned __int64”转换到“int”，可能丢失数据
D:\Desktop\RLproject\tools.cpp(170,97): warning C4244: “参数”: 从“double”转换到“int”，可能丢失数据
D:\Desktop\RLproject\tools.cpp(170,67): warning C4244: “参数”: 从“float”转换到“int”，可能丢失数据
D:\Desktop\RLproject\tools.cpp(170,46): warning C4244: “参数”: 从“double”转换到“int”，可能丢失数据
D:\Desktop\RLproject\tools.cpp(170,25): warning C4244: “参数”: 从“double”转换到“int”，可能丢失数据
  binding.cpp
D:\Desktop\GameEnv\include\pybind11\detail\struct_smart_holder.h(1,1): warning C4819: 该文件包含不能在当前代码页(936)中表示的字符。请将该文件保存为 Unicode 格式以防止数据丢失
  (编译源文件“binding.cpp”)
  
D:\Desktop\GameEnv\include\pybind11\cast.h(713,1): warning C4819: 该文件包含不能在当前代码页(936)中表示的字符。请将该文件保存为 Unicode 格式以防止数据丢失
  (编译源文件“binding.cpp”)
  
  GameEnv.cpp
D:\Desktop\GameEnv\GameEnv\GameEnv.cpp(190,77): warning C4244: “参数”: 从“double”转换到“float”，可能丢失数据
LINK : warning LNK4075: 忽略“/INCREMENTAL”(由于“/LTCG”规范)
    正在创建库 D:\Desktop\GameEnv\x64\Release\GameEnv.lib 和对象 D:\Desktop\GameEnv\x64\Release\GameEnv.exp
  正在生成代码
  Previous IPDB not found, fall back to full compilation.
  All 3686 functions were compiled because no usable IPDB/IOBJ from previous compilation was found.
  已完成代码的生成
  GameEnv.vcxproj -> D:\Desktop\GameEnv\x64\Release\GameEnv.pyd
